// Jest Snapshot v1, https://goo.gl/fbAQLP

exports[`<Paper /> renders properly 1`] = `
.c0 {
  box-shadow: 0px 2px 4px rgba(0,0,0,0.18);
  padding: 32px;
}

<div
  class="c0"
>
  Hello, paper!
</div>
`;
