// Jest Snapshot v1, https://goo.gl/fbAQLP

exports[`<Button /> renders properly 1`] = `
.c0 {
  display: block;
  margin-left: auto;
  margin-right: auto;
  width: 100%;
  max-width: 250px;
  border-radius: 50px;
  padding: 10px 16px;
  background-color: #007bff;
  color: white;
  cursor: pointer;
  font-family: sans-serif;
  font-size: 20px;
  font-weight: 400;
  line-height: 1;
  -webkit-text-decoration: none !important;
  text-decoration: none !important;
}

.c0:disabled {
  opacity: 0.65;
  cursor: default;
}

<button
  class="c0"
>
  Hello, paper!
</button>
`;
